// Vitest Snapshot v1, https://vitest.dev/guide/snapshot.html

exports[`region features on a synthetic page > finds the chart and the photo and pins their features 1`] = `
{
  "candidates": [
    {
      "bbox": [
        92,
        148,
        412,
        348,
      ],
      "features": {
        "anchored": 0,
        "area_frac": 0.132,
        "aspect": 0.469,
        "axes": 1,
        "bottom_band": 0,
        "caption_dist": 0.793,
        "center_x": 0.412,
        "center_y": 0.314,
        "curve_frac": 0.25,
        "fig_caption": 1,
        "gridness": 0.5,
        "h_frac": 0.252,
        "h_over_bs": 19.992,
        "hrule_frac": 0.25,
        "img_cov": 0,
        "img_repeat_pages": 0,
        "n_box": 0,
        "n_colors": 2,
        "n_glyph_log": 0,
        "n_img": 0,
        "n_lines_in": 12,
        "n_marks_log": 1.099,
        "n_pixel_log": 0,
        "n_prims_log": 1.609,
        "n_rules_log": 1.099,
        "numeric_lines_frac": 0.917,
        "plot_frames": 1,
        "prose_lines_frac": 0,
        "rot_lines": 0,
        "scanned_page": 0,
        "small_font_frac": 1,
        "stroke_frac": 1,
        "tab_caption": 0,
        "text_cov": 0.023,
        "top_band": 0,
        "vrule_frac": 0.25,
        "w_frac": 0.523,
      },
      "label": "picture",
    },
    {
      "bbox": [
        72,
        412,
        362,
        592,
      ],
      "features": {
        "anchored": 0,
        "area_frac": 0.108,
        "aspect": 0.475,
        "axes": 0,
        "bottom_band": 0,
        "caption_dist": 0.633,
        "center_x": 0.355,
        "center_y": 0.634,
        "curve_frac": 0,
        "fig_caption": 1,
        "gridness": 0,
        "h_frac": 0.227,
        "h_over_bs": 18,
        "hrule_frac": 0,
        "img_cov": 1,
        "img_repeat_pages": 1,
        "n_box": 0,
        "n_colors": 0,
        "n_glyph_log": 0,
        "n_img": 1,
        "n_lines_in": 0,
        "n_marks_log": 0,
        "n_pixel_log": 0,
        "n_prims_log": 0.693,
        "n_rules_log": 0,
        "numeric_lines_frac": 0,
        "plot_frames": 0,
        "prose_lines_frac": 0,
        "rot_lines": 0,
        "scanned_page": 0,
        "small_font_frac": 0,
        "stroke_frac": 0,
        "tab_caption": 0,
        "text_cov": 0,
        "top_band": 0,
        "vrule_frac": 0,
        "w_frac": 0.474,
      },
      "label": "picture",
    },
  ],
  "featureVersion": 2,
}
`;
