// Vitest Snapshot v1, https://vitest.dev/guide/snapshot.html

exports[`region features on a synthetic page > finds the chart and the photo and pins their features 1`] = `
{
  "candidates": [
    {
      "bbox": [
        92,
        148,
        412,
        348,
      ],
      "features": {
        "alpha_word_frac": 0.143,
        "anchored": 0,
        "area_frac": 0.132,
        "aspect": 0.469,
        "axes": 1,
        "bottom_band": 0,
        "caption_dist": 0.793,
        "center_x": 0.412,
        "center_y": 0.314,
        "col_left": 0.056,
        "col_offset": 0.001,
        "col_width_frac": 0.891,
        "curve_frac": 0.25,
        "eq_numbers": 0,
        "fig_cap_below": 1,
        "fig_caption": 1,
        "full_width_lines_frac": 0,
        "gridness": 0.5,
        "h_frac": 0.252,
        "h_over_bs": 19.992,
        "hrule_frac": 0.25,
        "img_cov": 0,
        "img_repeat_pages": 0,
        "iso_above": 3.349,
        "iso_below": 0.793,
        "margin_lines_frac": 0,
        "math_frac": 0,
        "multi_cell_rows": 0.143,
        "n_box": 0,
        "n_colors": 2,
        "n_cols": 2,
        "n_glyph_log": 0,
        "n_img": 0,
        "n_lines_in": 12,
        "n_marks_log": 1.099,
        "n_pixel_log": 0,
        "n_prims_log": 1.609,
        "n_rows": 7,
        "n_rules_log": 1.099,
        "numeric_lines_frac": 0.917,
        "plot_frames": 1,
        "prose_lines_frac": 0,
        "rect_frac": 0.75,
        "rot_lines": 0,
        "rotated_text": 0,
        "running_frac": 0,
        "scanned_page": 0,
        "size_spread": 0.1,
        "small_font_frac": 1,
        "src_text": 0,
        "stroke_frac": 1,
        "tab_cap_above": 0,
        "tab_caption": 0,
        "text_cov": 0.023,
        "top_band": 0,
        "vrule_frac": 0.25,
        "w_frac": 0.523,
      },
      "label": "picture",
    },
    {
      "bbox": [
        72,
        412,
        362,
        592,
      ],
      "features": {
        "alpha_word_frac": 0,
        "anchored": 0,
        "area_frac": 0.108,
        "aspect": 0.475,
        "axes": 0,
        "bottom_band": 0,
        "caption_dist": 0.633,
        "center_x": 0.355,
        "center_y": 0.634,
        "col_left": 0,
        "col_offset": -0.096,
        "col_width_frac": 0.808,
        "curve_frac": 0,
        "eq_numbers": 0,
        "fig_cap_below": 1,
        "fig_caption": 1,
        "full_width_lines_frac": 0,
        "gridness": 0,
        "h_frac": 0.227,
        "h_over_bs": 18,
        "hrule_frac": 0,
        "img_cov": 1,
        "img_repeat_pages": 1,
        "iso_above": 4.331,
        "iso_below": 0.633,
        "margin_lines_frac": 0,
        "math_frac": 0,
        "multi_cell_rows": 0,
        "n_box": 0,
        "n_colors": 0,
        "n_cols": 0,
        "n_glyph_log": 0,
        "n_img": 1,
        "n_lines_in": 0,
        "n_marks_log": 0,
        "n_pixel_log": 0,
        "n_prims_log": 0.693,
        "n_rows": 0,
        "n_rules_log": 0,
        "numeric_lines_frac": 0,
        "plot_frames": 0,
        "prose_lines_frac": 0,
        "rect_frac": 0,
        "rot_lines": 0,
        "rotated_text": 0,
        "running_frac": 0,
        "scanned_page": 0,
        "size_spread": 0,
        "small_font_frac": 0,
        "src_text": 0,
        "stroke_frac": 0,
        "tab_cap_above": 0,
        "tab_caption": 0,
        "text_cov": 0,
        "top_band": 0,
        "vrule_frac": 0,
        "w_frac": 0.474,
      },
      "label": "picture",
    },
    {
      "bbox": [
        92,
        190,
        106,
        200,
      ],
      "features": {
        "alpha_word_frac": 0,
        "anchored": 0,
        "area_frac": 0,
        "aspect": 0.32,
        "axes": 0,
        "bottom_band": 0,
        "caption_dist": 15.623,
        "center_x": 0.161,
        "center_y": 0.247,
        "col_left": 0.056,
        "col_offset": -0.425,
        "col_width_frac": 0.038,
        "curve_frac": 0,
        "eq_numbers": 0,
        "fig_cap_below": 0,
        "fig_caption": 0,
        "full_width_lines_frac": 0,
        "gridness": 0,
        "h_frac": 0.012,
        "h_over_bs": 0.962,
        "hrule_frac": 0,
        "img_cov": 0,
        "img_repeat_pages": 0,
        "iso_above": 7.549,
        "iso_below": 15.623,
        "margin_lines_frac": 0,
        "math_frac": 0,
        "multi_cell_rows": 0,
        "n_box": 0,
        "n_colors": 0,
        "n_cols": 0,
        "n_glyph_log": 0,
        "n_img": 0,
        "n_lines_in": 1,
        "n_marks_log": 0,
        "n_pixel_log": 0,
        "n_prims_log": 0,
        "n_rows": 1,
        "n_rules_log": 0,
        "numeric_lines_frac": 1,
        "plot_frames": 0,
        "prose_lines_frac": 0,
        "rect_frac": 0,
        "rot_lines": 0,
        "rotated_text": 0,
        "running_frac": 0,
        "scanned_page": 0,
        "size_spread": 0,
        "small_font_frac": 1,
        "src_text": 1,
        "stroke_frac": 0,
        "tab_cap_above": 0,
        "tab_caption": 0,
        "text_cov": 1,
        "top_band": 0,
        "vrule_frac": 0,
        "w_frac": 0.022,
      },
      "label": "other",
    },
    {
      "bbox": [
        92,
        232,
        102,
        242,
      ],
      "features": {
        "alpha_word_frac": 0,
        "anchored": 0,
        "area_frac": 0,
        "aspect": 0.01,
        "axes": 0,
        "bottom_band": 0,
        "caption_dist": 11.423,
        "center_x": 0.158,
        "center_y": 0.3,
        "col_left": 0.056,
        "col_offset": -0.431,
        "col_width_frac": 0.027,
        "curve_frac": 0,
        "eq_numbers": 0,
        "fig_cap_below": 0,
        "fig_caption": 0,
        "full_width_lines_frac": 0,
        "gridness": 0,
        "h_frac": 0.012,
        "h_over_bs": 0.962,
        "hrule_frac": 0,
        "img_cov": 0,
        "img_repeat_pages": 0,
        "iso_above": 11.749,
        "iso_below": 11.423,
        "margin_lines_frac": 0,
        "math_frac": 0,
        "multi_cell_rows": 0,
        "n_box": 0,
        "n_colors": 0,
        "n_cols": 0,
        "n_glyph_log": 0,
        "n_img": 0,
        "n_lines_in": 1,
        "n_marks_log": 0,
        "n_pixel_log": 0,
        "n_prims_log": 0,
        "n_rows": 1,
        "n_rules_log": 0,
        "numeric_lines_frac": 1,
        "plot_frames": 0,
        "prose_lines_frac": 0,
        "rect_frac": 0,
        "rot_lines": 0,
        "rotated_text": 0,
        "running_frac": 0,
        "scanned_page": 0,
        "size_spread": 0,
        "small_font_frac": 1,
        "src_text": 1,
        "stroke_frac": 0,
        "tab_cap_above": 0,
        "tab_caption": 0,
        "text_cov": 1,
        "top_band": 0,
        "vrule_frac": 0,
        "w_frac": 0.016,
      },
      "label": "other",
    },
    {
      "bbox": [
        92,
        274,
        106,
        284,
      ],
      "features": {
        "alpha_word_frac": 0,
        "anchored": 0,
        "area_frac": 0,
        "aspect": 0.32,
        "axes": 0,
        "bottom_band": 0,
        "caption_dist": 7.223,
        "center_x": 0.161,
        "center_y": 0.353,
        "col_left": 0.056,
        "col_offset": -0.425,
        "col_width_frac": 0.038,
        "curve_frac": 0,
        "eq_numbers": 0,
        "fig_cap_below": 0,
        "fig_caption": 0,
        "full_width_lines_frac": 0,
        "gridness": 0,
        "h_frac": 0.012,
        "h_over_bs": 0.962,
        "hrule_frac": 0,
        "img_cov": 0,
        "img_repeat_pages": 0,
        "iso_above": 15.949,
        "iso_below": 7.223,
        "margin_lines_frac": 0,
        "math_frac": 0,
        "multi_cell_rows": 0,
        "n_box": 0,
        "n_colors": 0,
        "n_cols": 0,
        "n_glyph_log": 0,
        "n_img": 0,
        "n_lines_in": 1,
        "n_marks_log": 0,
        "n_pixel_log": 0,
        "n_prims_log": 0,
        "n_rows": 1,
        "n_rules_log": 0,
        "numeric_lines_frac": 1,
        "plot_frames": 0,
        "prose_lines_frac": 0,
        "rect_frac": 0,
        "rot_lines": 0,
        "rotated_text": 0,
        "running_frac": 0,
        "scanned_page": 0,
        "size_spread": 0,
        "small_font_frac": 1,
        "src_text": 1,
        "stroke_frac": 0,
        "tab_cap_above": 0,
        "tab_caption": 0,
        "text_cov": 1,
        "top_band": 0,
        "vrule_frac": 0,
        "w_frac": 0.022,
      },
      "label": "other",
    },
    {
      "bbox": [
        92,
        316,
        406,
        348,
      ],
      "features": {
        "alpha_word_frac": 0.2,
        "anchored": 0,
        "area_frac": 0.021,
        "aspect": 2.258,
        "axes": 0,
        "bottom_band": 0,
        "caption_dist": 0.793,
        "center_x": 0.407,
        "center_y": 0.42,
        "col_left": 0.056,
        "col_offset": -0.008,
        "col_width_frac": 0.874,
        "curve_frac": 0,
        "eq_numbers": 0,
        "fig_cap_below": 1,
        "fig_caption": 1,
        "full_width_lines_frac": 0,
        "gridness": 0.75,
        "h_frac": 0.04,
        "h_over_bs": 3.192,
        "hrule_frac": 1,
        "img_cov": 0,
        "img_repeat_pages": 0,
        "iso_above": 20,
        "iso_below": 0.793,
        "margin_lines_frac": 0,
        "math_frac": 0,
        "multi_cell_rows": 0.333,
        "n_box": 0,
        "n_colors": 1,
        "n_cols": 1,
        "n_glyph_log": 0,
        "n_img": 0,
        "n_lines_in": 8,
        "n_marks_log": 0,
        "n_pixel_log": 0,
        "n_prims_log": 0.693,
        "n_rows": 3,
        "n_rules_log": 0.693,
        "numeric_lines_frac": 0.875,
        "plot_frames": 0,
        "prose_lines_frac": 0,
        "rect_frac": 1,
        "rot_lines": 0,
        "rotated_text": 0,
        "running_frac": 0,
        "scanned_page": 0,
        "size_spread": 0.1,
        "small_font_frac": 1,
        "src_text": 1,
        "stroke_frac": 1,
        "tab_cap_above": 0,
        "tab_caption": 0,
        "text_cov": 0.111,
        "top_band": 0,
        "vrule_frac": 0,
        "w_frac": 0.513,
      },
      "label": "other",
    },
  ],
  "featureVersion": 5,
}
`;
